Starting backend tests...
Patient Registration: {
  success: false,
  message: 'db already exists with different case already have: [Doctor_Appointment] trying to create [doctor_appointment]'
}
Patient Login: { success: false, message: 'Invalid email or password' }
Doctor Registration: {
  success: false,
  message: 'db already exists with different case already have: [Doctor_Appointment] trying to create [doctor_appointment]'
}
Doctor Login: { success: false, message: 'Invalid email or password' }
Doctors List: { success: true, count: 0, data: [] }
node : Test error: 
TypeError: Cannot 
read properties of 
undefined (reading 
'_id')
At line:1 char:1
+ node test_api.js > 
test_output.txt 2>&1
+ ~~~~~~~~~~~~~~~~~~~~
~~~~~~~~~~~~~~~~~~~
    + CategoryInfo    
          : NotSpeci  
  fied: (Test error   
 : Typ...(reading     
'_id'):String) []    
, RemoteException
    + FullyQualifiedE 
   rrorId : NativeCo  
  mmandError
 
    at runTests (C:\Us
ers\yasmi\Desktop\FS_d
oc\backend\test_api.js
:76:53)
    at process.process
TicksAndRejections (no
de:internal/process/ta
sk_queues:95:5)
